
Memory Configuration

Name             Origin             Length             Attributes
vexriscv_debug   0x00000000f00f0000 0x0000000000000100
dff              0x0000000000000000 0x0000000000000400
dff2             0x0000000000000400 0x0000000000000200
flash            0x0000000010000000 0x0000000001000000
mprj             0x0000000030000000 0x0000000000100000
mprjram          0x0000000038000000 0x0000000000400000
hk               0x0000000026000000 0x0000000000100000
csr              0x00000000f0000000 0x0000000000010000
*default*        0x0000000000000000 0xffffffffffffffff

Linker script and memory map

                0x0000000000000000                __DYNAMIC = 0x0

.text           0x0000000010000000      0x184
                0x0000000010000000                _ftext = .
 *crt0*(.text)
 .text          0x0000000010000000      0x148 uart.elf-crt0_vex.o
                0x0000000010000000                _start
                0x0000000010000020                trap_entry
 *crt0*(.text)
 *(.text.isr)
                0x0000000010000148                _etext = .
 .text          0x0000000010000148       0x3c uart.elf-isr.o
                0x0000000010000148                isr
 .text          0x0000000010000184        0x0 uart.elf-uart.o
 .text          0x0000000010000184        0x0 uart.elf-counter_la_uart.o

.mprj           0x0000000010000184       0xf8
 .mprj          0x0000000010000184       0xf8 uart.elf-uart.o
                0x0000000010000184                uart_write
                0x000000001000019c                uart_write_char
                0x00000000100001d8                uart_write_string
                0x0000000010000224                uart_read_char
                0x0000000010000254                uart_read

.text.startup   0x000000001000027c      0x110
 .text.startup  0x000000001000027c      0x110 uart.elf-counter_la_uart.o
                0x000000001000027c                main

.rela.dyn       0x000000001000038c        0x0
 .rela.text     0x000000001000038c        0x0 uart.elf-crt0_vex.o

.rodata         0x000000001000038c        0x4
                0x0000000010000390                . = ALIGN (0x8)
 *fill*         0x000000001000038c        0x4 
                0x0000000010000390                _frodata = .
 *(.rodata .rodata.* .gnu.linkonce.r.*)
 *(.rodata1)
                0x0000000010000390                . = ALIGN (0x8)
                0x0000000010000390                _erodata = .

.data           0x0000000000000000        0x8 load address 0x0000000010000390
                0x0000000000000000                . = ALIGN (0x8)
                0x0000000000000000                _fdata = .
 *(.data .data.* .gnu.linkonce.d.*)
 .data          0x0000000000000000        0x0 uart.elf-crt0_vex.o
 .data          0x0000000000000000        0x0 uart.elf-isr.o
 .data          0x0000000000000000        0x0 uart.elf-uart.o
 .data          0x0000000000000000        0x0 uart.elf-counter_la_uart.o
 *(.data1)
                0x0000000000000000                _gp = ALIGN (0x10)
 *(.sdata .sdata.* .gnu.linkonce.s.*)
 .sdata         0x0000000000000000        0x4 uart.elf-isr.o
                0x0000000000000000                counter
                0x0000000000000008                . = ALIGN (0x8)
 *fill*         0x0000000000000004        0x4 
                0x0000000000000008                _edata = .

.bss            0x0000000000000008        0x0 load address 0x0000000010000398
                0x0000000000000008                . = ALIGN (0x8)
                0x0000000000000008                _fbss = .
 *(.dynsbss)
 *(.sbss .sbss.* .gnu.linkonce.sb.*)
 *(.scommon)
 *(.dynbss)
 *(.bss .bss.* .gnu.linkonce.b.*)
 .bss           0x0000000000000008        0x0 uart.elf-crt0_vex.o
 .bss           0x0000000000000008        0x0 uart.elf-isr.o
 .bss           0x0000000000000008        0x0 uart.elf-uart.o
 .bss           0x0000000000000008        0x0 uart.elf-counter_la_uart.o
 *(COMMON)
                0x0000000000000008                . = ALIGN (0x8)
                0x0000000000000008                _ebss = .
                0x0000000000000008                _end = .

.mprjram        0x0000000038000000        0x0 load address 0x0000000010000398
                0x0000000038000000                . = ALIGN (0x8)
                0x0000000038000000                _fsram = .
 *libgcc.a:*(.text .text.*)
                0x0000000000000600                PROVIDE (_fstack = (ORIGIN (dff2) + LENGTH (dff2)))
                0x0000000010000390                PROVIDE (_fdata_rom = LOADADDR (.data))
                [!provide]                        PROVIDE (_edata_rom = (LOADADDR (.data) + SIZEOF (.data)))
                0x0000000038000000                PROVIDE (_esram = (ORIGIN (mprjram) + SIZEOF (.mprjram)))
                0x0000000010000398                PROVIDE (_esram_rom = LOADADDR (.mprjram))
LOAD uart.elf-crt0_vex.o
LOAD uart.elf-isr.o
LOAD uart.elf-uart.o
LOAD uart.elf-counter_la_uart.o
LOAD /opt/riscv/lib/gcc/riscv32-unknown-elf/12.1.0/libgcc.a
START GROUP
LOAD /opt/riscv/lib/gcc/riscv32-unknown-elf/12.1.0/../../../../riscv32-unknown-elf/lib/libc.a
LOAD /opt/riscv/lib/gcc/riscv32-unknown-elf/12.1.0/../../../../riscv32-unknown-elf/lib/libgloss.a
END GROUP
LOAD /opt/riscv/lib/gcc/riscv32-unknown-elf/12.1.0/libgcc.a
OUTPUT(uart.elf elf32-littleriscv)

.riscv.attributes
                0x0000000000000000       0x20
 .riscv.attributes
                0x0000000000000000       0x1e uart.elf-crt0_vex.o
 .riscv.attributes
                0x000000000000001e       0x20 uart.elf-isr.o
 .riscv.attributes
                0x000000000000003e       0x1c uart.elf-uart.o
 .riscv.attributes
                0x000000000000005a       0x20 uart.elf-counter_la_uart.o

.comment        0x0000000000000000       0x1b
 .comment       0x0000000000000000       0x1b uart.elf-isr.o
                                         0x1c (size before relaxing)
 .comment       0x000000000000001b       0x1c uart.elf-uart.o
 .comment       0x000000000000001b       0x1c uart.elf-counter_la_uart.o

.debug_line     0x0000000000000000      0xaef
 .debug_line    0x0000000000000000      0x20a uart.elf-crt0_vex.o
 .debug_line    0x000000000000020a      0x121 uart.elf-isr.o
 .debug_line    0x000000000000032b      0x378 uart.elf-uart.o
 .debug_line    0x00000000000006a3      0x44c uart.elf-counter_la_uart.o

.debug_line_str
                0x0000000000000000       0xe3
 .debug_line_str
                0x0000000000000000       0x4e uart.elf-crt0_vex.o
 .debug_line_str
                0x000000000000004e       0x83 uart.elf-isr.o
                                        0x106 (size before relaxing)
 .debug_line_str
                0x00000000000000d1       0x83 uart.elf-uart.o
                                         0xc0 (size before relaxing)
 .debug_line_str
                0x00000000000000d1       0x12 uart.elf-counter_la_uart.o
                                        0x11b (size before relaxing)

.debug_info     0x0000000000000000      0x52d
 .debug_info    0x0000000000000000       0x25 uart.elf-crt0_vex.o
 .debug_info    0x0000000000000025      0x1cc uart.elf-isr.o
 .debug_info    0x00000000000001f1      0x1bc uart.elf-uart.o
 .debug_info    0x00000000000003ad      0x180 uart.elf-counter_la_uart.o

.debug_abbrev   0x0000000000000000      0x3f8
 .debug_abbrev  0x0000000000000000       0x14 uart.elf-crt0_vex.o
 .debug_abbrev  0x0000000000000014      0x170 uart.elf-isr.o
 .debug_abbrev  0x0000000000000184      0x141 uart.elf-uart.o
 .debug_abbrev  0x00000000000002c5      0x133 uart.elf-counter_la_uart.o

.debug_aranges  0x0000000000000000       0xa0
 .debug_aranges
                0x0000000000000000       0x20 uart.elf-crt0_vex.o
 .debug_aranges
                0x0000000000000020       0x20 uart.elf-isr.o
 .debug_aranges
                0x0000000000000040       0x40 uart.elf-uart.o
 .debug_aranges
                0x0000000000000080       0x20 uart.elf-counter_la_uart.o

.debug_str      0x0000000000000000      0x1d2
 .debug_str     0x0000000000000000       0x5a uart.elf-crt0_vex.o
 .debug_str     0x000000000000005a      0x11b uart.elf-isr.o
                                        0x15c (size before relaxing)
 .debug_str     0x0000000000000175       0x31 uart.elf-uart.o
                                        0x133 (size before relaxing)
 .debug_str     0x00000000000001a6       0x2c uart.elf-counter_la_uart.o
                                        0x136 (size before relaxing)

.debug_loclists
                0x0000000000000000      0x11e
 .debug_loclists
                0x0000000000000000       0x52 uart.elf-isr.o
 .debug_loclists
                0x0000000000000052       0x6c uart.elf-uart.o
 .debug_loclists
                0x00000000000000be       0x60 uart.elf-counter_la_uart.o

.debug_rnglists
                0x0000000000000000       0x9e
 .debug_rnglists
                0x0000000000000000       0x1f uart.elf-isr.o
 .debug_rnglists
                0x000000000000001f       0x69 uart.elf-uart.o
 .debug_rnglists
                0x0000000000000088       0x16 uart.elf-counter_la_uart.o

.debug_frame    0x0000000000000000       0xac
 .debug_frame   0x0000000000000000       0x2c uart.elf-isr.o
 .debug_frame   0x000000000000002c       0x60 uart.elf-uart.o
 .debug_frame   0x000000000000008c       0x20 uart.elf-counter_la_uart.o
