
Memory Configuration

Name             Origin             Length             Attributes
vexriscv_debug   0x00000000f00f0000 0x0000000000000100
dff              0x0000000000000000 0x0000000000000400
dff2             0x0000000000000400 0x0000000000000200
flash            0x0000000010000000 0x0000000001000000
mprj             0x0000000030000000 0x0000000000100000
mprjram          0x0000000038000000 0x0000000000400000
hk               0x0000000026000000 0x0000000000100000
csr              0x00000000f0000000 0x0000000000010000
*default*        0x0000000000000000 0xffffffffffffffff

Linker script and memory map

                0x0000000000000000                __DYNAMIC = 0x0

.text           0x0000000010000000      0x1d8
                0x0000000010000000                _ftext = .
 *crt0*(.text)
 .text          0x0000000010000000      0x154 counter_la_qs.elf-crt0_vex.o
                0x0000000010000000                _start
                0x0000000010000020                trap_entry
 *crt0*(.text)
 *(.text.isr)
                0x0000000010000154                _etext = .
 .text          0x0000000010000154        0xc counter_la_qs.elf-isr.o
                0x0000000010000154                isr
 .text          0x0000000010000160        0x0 counter_la_qs.elf-qsort.o
 .text          0x0000000010000160       0x78 counter_la_qs.elf-counter_la_qs.o
                0x0000000010000160                putchar
                0x00000000100001a4                print

.text.startup   0x00000000100001d8      0x194
 .text.startup  0x00000000100001d8      0x194 counter_la_qs.elf-counter_la_qs.o
                0x00000000100001d8                main

.rela.dyn       0x000000001000036c        0x0
 .rela.text     0x000000001000036c        0x0 counter_la_qs.elf-crt0_vex.o

.rodata         0x000000001000036c        0x4
                0x0000000010000370                . = ALIGN (0x8)
 *fill*         0x000000001000036c        0x4 
                0x0000000010000370                _frodata = .
 *(.rodata .rodata.* .gnu.linkonce.r.*)
 *(.rodata1)
                0x0000000010000370                . = ALIGN (0x8)
                0x0000000010000370                _erodata = .

.data           0x0000000030000000       0x28 load address 0x0000000010000370
                0x0000000030000000                . = ALIGN (0x8)
                0x0000000030000000                _fdata = .
 *(.data .data.* .gnu.linkonce.d.*)
 .data          0x0000000030000000        0x0 counter_la_qs.elf-crt0_vex.o
 .data          0x0000000030000000        0x0 counter_la_qs.elf-isr.o
 .data          0x0000000030000000       0x28 counter_la_qs.elf-qsort.o
                0x0000000030000000                A
 .data          0x0000000030000028        0x0 counter_la_qs.elf-counter_la_qs.o
 *(.data1)
                0x0000000030000030                _gp = ALIGN (0x10)
 *(.sdata .sdata.* .gnu.linkonce.s.*)
                0x0000000030000028                . = ALIGN (0x8)
                0x0000000030000028                _edata = .

.bss            0x0000000030000028        0x0 load address 0x0000000010000398
                0x0000000030000028                . = ALIGN (0x8)
                0x0000000030000028                _fbss = .
 *(.dynsbss)
 *(.sbss .sbss.* .gnu.linkonce.sb.*)
 *(.scommon)
 *(.dynbss)
 *(.bss .bss.* .gnu.linkonce.b.*)
 .bss           0x0000000030000028        0x0 counter_la_qs.elf-crt0_vex.o
 .bss           0x0000000030000028        0x0 counter_la_qs.elf-isr.o
 .bss           0x0000000030000028        0x0 counter_la_qs.elf-qsort.o
 .bss           0x0000000030000028        0x0 counter_la_qs.elf-counter_la_qs.o
 *(COMMON)
                0x0000000030000028                . = ALIGN (0x8)
                0x0000000030000028                _ebss = .
                0x0000000030000028                _end = .

.mprjram        0x0000000038000000       0xf8 load address 0x0000000010000398
                0x0000000038000000                . = ALIGN (0x8)
                0x0000000038000000                _fsram = .
 *libgcc.a:*(.text .text.*)
 .mprjram       0x0000000038000000       0xf8 counter_la_qs.elf-qsort.o
                0x0000000038000000                partition
                0x0000000038000074                sort
                0x00000000380000d0                qsort
                0x0000000000000600                PROVIDE (_fstack = (ORIGIN (dff2) + LENGTH (dff2)))
                0x0000000010000370                PROVIDE (_fdata_rom = LOADADDR (.data))
                [!provide]                        PROVIDE (_edata_rom = (LOADADDR (.data) + SIZEOF (.data)))
                0x00000000380000f8                PROVIDE (_esram = (ORIGIN (mprjram) + SIZEOF (.mprjram)))
                0x0000000010000398                PROVIDE (_esram_rom = LOADADDR (.mprjram))
LOAD counter_la_qs.elf-crt0_vex.o
LOAD counter_la_qs.elf-isr.o
LOAD counter_la_qs.elf-qsort.o
LOAD counter_la_qs.elf-counter_la_qs.o
LOAD /opt/riscv/lib/gcc/riscv32-unknown-elf/12.1.0/libgcc.a
START GROUP
LOAD /opt/riscv/lib/gcc/riscv32-unknown-elf/12.1.0/../../../../riscv32-unknown-elf/lib/libc.a
LOAD /opt/riscv/lib/gcc/riscv32-unknown-elf/12.1.0/../../../../riscv32-unknown-elf/lib/libgloss.a
END GROUP
LOAD /opt/riscv/lib/gcc/riscv32-unknown-elf/12.1.0/libgcc.a
OUTPUT(counter_la_qs.elf elf32-littleriscv)

.riscv.attributes
                0x0000000000000000       0x20
 .riscv.attributes
                0x0000000000000000       0x1e counter_la_qs.elf-crt0_vex.o
 .riscv.attributes
                0x000000000000001e       0x20 counter_la_qs.elf-isr.o
 .riscv.attributes
                0x000000000000003e       0x1c counter_la_qs.elf-qsort.o
 .riscv.attributes
                0x000000000000005a       0x1c counter_la_qs.elf-counter_la_qs.o

.comment        0x0000000000000000       0x1b
 .comment       0x0000000000000000       0x1b counter_la_qs.elf-isr.o
                                         0x1c (size before relaxing)
 .comment       0x000000000000001b       0x1c counter_la_qs.elf-qsort.o
 .comment       0x000000000000001b       0x1c counter_la_qs.elf-counter_la_qs.o

.debug_line     0x0000000000000000      0xa74
 .debug_line    0x0000000000000000      0x204 counter_la_qs.elf-crt0_vex.o
 .debug_line    0x0000000000000204       0x76 counter_la_qs.elf-isr.o
 .debug_line    0x000000000000027a      0x200 counter_la_qs.elf-qsort.o
 .debug_line    0x000000000000047a      0x5fa counter_la_qs.elf-counter_la_qs.o

.debug_line_str
                0x0000000000000000       0xe0
 .debug_line_str
                0x0000000000000000       0x57 counter_la_qs.elf-crt0_vex.o
 .debug_line_str
                0x0000000000000057       0x1f counter_la_qs.elf-isr.o
                                         0xb4 (size before relaxing)
 .debug_line_str
                0x0000000000000076       0x10 counter_la_qs.elf-qsort.o
                                         0x9a (size before relaxing)
 .debug_line_str
                0x0000000000000086       0x5a counter_la_qs.elf-counter_la_qs.o
                                        0x103 (size before relaxing)

.debug_info     0x0000000000000000      0x37e
 .debug_info    0x0000000000000000       0x25 counter_la_qs.elf-crt0_vex.o
 .debug_info    0x0000000000000025       0xb4 counter_la_qs.elf-isr.o
 .debug_info    0x00000000000000d9      0x170 counter_la_qs.elf-qsort.o
 .debug_info    0x0000000000000249      0x135 counter_la_qs.elf-counter_la_qs.o

.debug_abbrev   0x0000000000000000      0x2b7
 .debug_abbrev  0x0000000000000000       0x14 counter_la_qs.elf-crt0_vex.o
 .debug_abbrev  0x0000000000000014       0x7f counter_la_qs.elf-isr.o
 .debug_abbrev  0x0000000000000093      0x126 counter_la_qs.elf-qsort.o
 .debug_abbrev  0x00000000000001b9       0xfe counter_la_qs.elf-counter_la_qs.o

.debug_aranges  0x0000000000000000       0x98
 .debug_aranges
                0x0000000000000000       0x20 counter_la_qs.elf-crt0_vex.o
 .debug_aranges
                0x0000000000000020       0x20 counter_la_qs.elf-isr.o
 .debug_aranges
                0x0000000000000040       0x30 counter_la_qs.elf-qsort.o
 .debug_aranges
                0x0000000000000070       0x28 counter_la_qs.elf-counter_la_qs.o

.debug_str      0x0000000000000000      0x151
 .debug_str     0x0000000000000000       0x63 counter_la_qs.elf-crt0_vex.o
 .debug_str     0x0000000000000063       0xb7 counter_la_qs.elf-isr.o
                                         0xf0 (size before relaxing)
 .debug_str     0x000000000000011a       0x1b counter_la_qs.elf-qsort.o
                                         0x88 (size before relaxing)
 .debug_str     0x0000000000000135       0x1c counter_la_qs.elf-counter_la_qs.o
                                        0x106 (size before relaxing)

.debug_loclists
                0x0000000000000000      0x14e
 .debug_loclists
                0x0000000000000000       0x19 counter_la_qs.elf-isr.o
 .debug_loclists
                0x0000000000000019       0xed counter_la_qs.elf-qsort.o
 .debug_loclists
                0x0000000000000106       0x48 counter_la_qs.elf-counter_la_qs.o

.debug_frame    0x0000000000000000       0xfc
 .debug_frame   0x0000000000000000       0x20 counter_la_qs.elf-isr.o
 .debug_frame   0x0000000000000020       0x64 counter_la_qs.elf-qsort.o
 .debug_frame   0x0000000000000084       0x78 counter_la_qs.elf-counter_la_qs.o

.debug_rnglists
                0x0000000000000000       0x47
 .debug_rnglists
                0x0000000000000000       0x28 counter_la_qs.elf-qsort.o
 .debug_rnglists
                0x0000000000000028       0x1f counter_la_qs.elf-counter_la_qs.o
